19:54:52 [MAIN]: Log file: outputs/logs/train_2025-12-04_19-54-52.log
19:54:52 [MAIN]: Using configuration file: configs/default_config.ini
19:54:52 [MAIN]: Data file: data/raw/FastFoodNutritionMenuV3.csv
19:54:52 [MAIN]: Target column: saturated_fat_g
19:54:52 [MAIN]: Selected models: all
19:54:52 [MAIN]: Optimization enabled: False
19:54:52 [MAIN]: EDA enabled: False
19:54:52 [MAIN]: Visualization enabled: True
19:54:52 [DATA_IO]: Loading data from data/raw/FastFoodNutritionMenuV3.csv...
19:54:52 [DATA_IO]: Cleaning column names...
19:54:52 [DATA_IO]: Column names cleaned successfully.
19:54:52 [DATA_TRANSFORMER]: Auto-detecting numeric columns (threshold=80%)...
19:54:52 [DATA_TRANSFORMER]: Auto-converted 12 columns to numeric: ['calories', 'calories_from_fat', 'total_fat_g', 'saturated_fat_g', 'trans_fat_g', 'cholesterol_mg', 'sodium_mg', 'carbs_g', 'fiber_g', 'sugars_g', 'protein_g', 'weight_watchers_pnts']
19:54:52 [PREPROCESSOR]: Numeric cols: ['calories', 'calories_from_fat', 'total_fat_g', 'saturated_fat_g', 'trans_fat_g', 'cholesterol_mg', 'sodium_mg', 'carbs_g', 'fiber_g', 'sugars_g', 'protein_g', 'weight_watchers_pnts']
19:54:52 [PREPROCESSOR]: Categorical cols: ['company', 'item']
19:54:52 [PREPROCESSOR]: Datetime cols: []
19:54:52 [DATA_TRANSFORMER]: Converting columns to datetime...
19:54:52 [PREPROCESSOR]: Numeric cols: ['calories', 'calories_from_fat', 'total_fat_g', 'saturated_fat_g', 'trans_fat_g', 'cholesterol_mg', 'sodium_mg', 'carbs_g', 'fiber_g', 'sugars_g', 'protein_g', 'weight_watchers_pnts']
19:54:52 [PREPROCESSOR]: Categorical cols: ['company', 'item']
19:54:52 [PREPROCESSOR]: Datetime cols: []
19:54:52 [MAIN]: Dropping features: ['calories_from_fat', 'weight_watchers_pnts', 'company', 'item', 'total_fat_g', 'calories', 'trans_fat_g']
19:54:52 [DATA_TRANSFORMER]: Dropping features: ['calories_from_fat', 'weight_watchers_pnts', 'company', 'item', 'total_fat_g', 'calories', 'trans_fat_g']
19:54:52 [PREPROCESSOR]: Numeric cols: ['saturated_fat_g', 'cholesterol_mg', 'sodium_mg', 'carbs_g', 'fiber_g', 'sugars_g', 'protein_g']
19:54:52 [PREPROCESSOR]: Categorical cols: []
19:54:52 [PREPROCESSOR]: Datetime cols: []
19:54:52 [MAIN]: Cleaning negative values...
19:54:52 [DATA_TRANSFORMER]: Cleaning negative values in all numeric columns...
19:54:52 [DATA_TRANSFORMER]: Removed 138 duplicate rows
19:54:52 [DATA_TRANSFORMER]: Dropped 52 rows with null target 'saturated_fat_g'
19:54:52 [DATA_IO]: Saving processed data to data/interim/temp_processed_data.csv...
19:54:52 [DATA_IO]: Save successful.
19:54:52 [MAIN]: Initializing ModelTrainer to split data...
19:54:52 [MODEL_TRAINER]: ModelTrainer initialized with random_state=42, n_jobs=8
19:54:52 [MODEL_TRAINER]: Data loaded: 957 rows, 7 columns
19:54:52 [MODEL_TRAINER]: Target column: 'saturated_fat_g'
19:54:52 [MODEL_TRAINER]: Splitting data into Train and Test sets...
19:54:52 [MODEL_TRAINER]: Split complete. Train shape: (765, 7), Test shape: (192, 7)
19:54:52 [MAIN]: Processing Split Data (Preventing Leakage)...
19:54:52 [MAIN]: Train NaN count before processing: 26
19:54:52 [MAIN]: Test NaN count before processing: 9
19:54:52 [MAIN]: Encoding categorical features with strategy: onehot
19:54:52 [DATA_TRANSFORMER]: [Encode] strategy='onehot', fit=True
19:54:52 [DATA_TRANSFORMER]: [Outlier] method='zscore' - Removing outliers
19:54:52 [DATA_TRANSFORMER]: Removed 81 rows as outliers
19:54:52 [MAIN]: Train size after outlier removal: 684
19:54:52 [DATA_TRANSFORMER]: Handling missing values fit=True | strategies={'num': 'drop', 'cat': 'drop', 'dt': 'drop'}
19:54:52 [MAIN]: Train NaN count after missing handling: 0
19:54:52 [DATA_TRANSFORMER]: [Scale] strategy='standard', fit=True
19:54:52 [MAIN]: Train NaN count after scaling: 0
19:54:52 [DATA_TRANSFORMER]: [Encode] strategy='onehot', fit=False
19:54:52 [DATA_TRANSFORMER]: Handling missing values fit=False | strategies={'num': 'drop', 'cat': 'drop', 'dt': 'drop'}
19:54:52 [DATA_TRANSFORMER]: Dropped 9 rows due to missing values
19:54:52 [MAIN]: Test NaN count after missing handling: 0
19:54:52 [DATA_TRANSFORMER]: [Scale] strategy='standard', fit=False
19:54:52 [MAIN]: Test NaN count after scaling: 0
19:54:52 [MAIN]: Train set size: 684
19:54:52 [MAIN]: Test set size: 183
19:54:52 [MAIN]: Merged set size: 867
19:54:52 [MODEL_TRAINER]: Setting processed training data (separating X and y)...
19:54:52 [MODEL_TRAINER]: Ready for training. X_train: (684, 6), X_test: (183, 6)
19:54:52 [MODEL_TRAINER]: Initialized 5 models: ['ElasticNet', 'RandomForest', 'LightGBM', 'XGBoost', 'DecisionTree']
19:54:52 [MAIN]: Training all available models: ['ElasticNet', 'RandomForest', 'LightGBM', 'XGBoost', 'DecisionTree']
19:54:52 [MODEL_TRAINER]: Starting model training...
19:54:52 [MODEL_TRAINER]: Training ElasticNet...
19:54:52 [MODEL_TRAINER]: ✓ ElasticNet trained successfully
19:54:52 [MODEL_TRAINER]: Training RandomForest...
19:54:52 [MODEL_TRAINER]: ✓ RandomForest trained successfully
19:54:52 [MODEL_TRAINER]: Training LightGBM...
19:54:52 [MODEL_TRAINER]: ✓ LightGBM trained successfully
19:54:52 [MODEL_TRAINER]: Training XGBoost...
19:54:52 [MODEL_TRAINER]: ✓ XGBoost trained successfully
19:54:52 [MODEL_TRAINER]: Training DecisionTree...
19:54:52 [MODEL_TRAINER]: ✓ DecisionTree trained successfully
19:54:52 [MODEL_TRAINER]: Training completed. 5/5 models trained successfully
19:54:52 [MODEL_TRAINER]: Evaluating models...
19:54:52 [MODEL_EVALUATOR]: ✓ ElasticNet evaluated: RMSE=3.6215, MAE=2.3730, R2=0.5913
19:54:52 [MODEL_EVALUATOR]: ✓ RandomForest evaluated: RMSE=2.2155, MAE=1.1201, R2=0.8470
19:54:52 [MODEL_EVALUATOR]: ✓ LightGBM evaluated: RMSE=2.6667, MAE=1.3377, R2=0.7784
19:54:52 [MODEL_EVALUATOR]: ✓ XGBoost evaluated: RMSE=2.0310, MAE=1.0813, R2=0.8714
19:54:52 [MODEL_EVALUATOR]: ✓ DecisionTree evaluated: RMSE=2.8100, MAE=1.3934, R2=0.7539
19:54:52 [MODEL_IO]: ✓ Đã lưu kết quả tại: outputs/results/evaluation_results.csv
19:54:52 [MODEL_IO]: ✓ Đã lưu kết quả tại: outputs/results/evaluation_results.json
19:54:52 [MODEL_IO]: ✓ Đã lưu model 'ElasticNet' tại: outputs/models/ElasticNet.joblib
19:54:52 [MODEL_IO]: ✓ Đã lưu model 'RandomForest' tại: outputs/models/RandomForest.joblib
19:54:52 [MODEL_IO]: ✓ Đã lưu model 'LightGBM' tại: outputs/models/LightGBM.joblib
19:54:52 [MODEL_IO]: ✓ Đã lưu model 'XGBoost' tại: outputs/models/XGBoost.joblib
19:54:52 [MODEL_IO]: ✓ Đã lưu model 'DecisionTree' tại: outputs/models/DecisionTree.joblib
19:54:53 [MODEL_VISUALIZE]: ✓ Plot saved: outputs/plots/model_comparison.png
19:55:07 [MODEL_EVALUATOR]: Sử dụng feature_importances_ cho XGBoost
19:55:07 [MODEL_EVALUATOR]: ✓ Đã trích xuất feature importance cho XGBoost
19:55:07 [MODEL_VISUALIZE]: ✓ Feature importance saved: outputs/plots/feature_importance.png
19:55:08 [MAIN]: Process Completed.
