08:28:58 [MAIN]: Log file: outputs/logs/train_2025-12-05_08-28-58.log
08:28:58 [MAIN]: Using configuration file: configs/default_config.ini
08:28:58 [MAIN]: Data file: data/raw/FastFoodNutritionMenuV3.csv
08:28:58 [MAIN]: Target column: saturated_fat_g
08:28:58 [MAIN]: Selected models: all
08:28:58 [MAIN]: Optimization enabled: True
08:28:58 [MAIN]: EDA enabled: False
08:28:58 [MAIN]: Visualization enabled: True
08:28:58 [DATA_IO]: Loading data from data/raw/FastFoodNutritionMenuV3.csv...
08:28:58 [DATA_IO]: Cleaning column names...
08:28:58 [DATA_IO]: Column names cleaned successfully.
08:28:58 [DATA_TRANSFORMER]: Auto-detecting numeric columns (threshold=80%)...
08:28:58 [DATA_TRANSFORMER]: Auto-converted 12 columns to numeric: ['calories', 'calories_from_fat', 'total_fat_g', 'saturated_fat_g', 'trans_fat_g', 'cholesterol_mg', 'sodium_mg', 'carbs_g', 'fiber_g', 'sugars_g', 'protein_g', 'weight_watchers_pnts']
08:28:58 [PREPROCESSOR]: Numeric cols: ['calories', 'calories_from_fat', 'total_fat_g', 'saturated_fat_g', 'trans_fat_g', 'cholesterol_mg', 'sodium_mg', 'carbs_g', 'fiber_g', 'sugars_g', 'protein_g', 'weight_watchers_pnts']
08:28:58 [PREPROCESSOR]: Categorical cols: ['company', 'item']
08:28:58 [PREPROCESSOR]: Datetime cols: []
08:28:58 [DATA_TRANSFORMER]: Converting columns to datetime...
08:28:58 [PREPROCESSOR]: Numeric cols: ['calories', 'calories_from_fat', 'total_fat_g', 'saturated_fat_g', 'trans_fat_g', 'cholesterol_mg', 'sodium_mg', 'carbs_g', 'fiber_g', 'sugars_g', 'protein_g', 'weight_watchers_pnts']
08:28:58 [PREPROCESSOR]: Categorical cols: ['company', 'item']
08:28:58 [PREPROCESSOR]: Datetime cols: []
08:28:58 [MAIN]: Dropping features: ['calories_from_fat', 'weight_watchers_pnts', 'company', 'item', 'total_fat_g', 'calories', 'trans_fat_g']
08:28:58 [DATA_TRANSFORMER]: Dropping features: ['calories_from_fat', 'weight_watchers_pnts', 'company', 'item', 'total_fat_g', 'calories', 'trans_fat_g']
08:28:58 [PREPROCESSOR]: Numeric cols: ['saturated_fat_g', 'cholesterol_mg', 'sodium_mg', 'carbs_g', 'fiber_g', 'sugars_g', 'protein_g']
08:28:58 [PREPROCESSOR]: Categorical cols: []
08:28:58 [PREPROCESSOR]: Datetime cols: []
08:28:58 [MAIN]: Cleaning negative values...
08:28:58 [DATA_TRANSFORMER]: Cleaning negative values in all numeric columns...
08:28:58 [DATA_TRANSFORMER]: Removed 138 duplicate rows
08:28:58 [DATA_TRANSFORMER]: Dropped 52 rows with null target 'saturated_fat_g'
08:28:58 [DATA_IO]: Saving processed data to data/interim/temp_processed_data.csv...
08:28:58 [DATA_IO]: Save successful.
08:28:58 [MAIN]: Initializing ModelTrainer to split data...
08:28:58 [MODEL_TRAINER]: ModelTrainer initialized with random_state=42, n_jobs=8
08:28:58 [MODEL_TRAINER]: Data loaded: 957 rows, 7 columns
08:28:58 [MODEL_TRAINER]: Target column: 'saturated_fat_g'
08:28:58 [MODEL_TRAINER]: Splitting data into Train and Test sets...
08:28:58 [MODEL_TRAINER]: Split complete. Train shape: (765, 7), Test shape: (192, 7)
08:28:58 [MAIN]: Processing Split Data (Preventing Leakage)...
08:28:58 [MAIN]: Train NaN count before processing: 26
08:28:58 [MAIN]: Test NaN count before processing: 9
08:28:58 [MAIN]: Encoding categorical features with strategy: onehot
08:28:58 [DATA_TRANSFORMER]: [Encode] strategy='onehot', fit=True
08:28:58 [DATA_TRANSFORMER]: [Outlier] method='zscore' - Removing outliers
08:28:58 [DATA_TRANSFORMER]: Removed 81 rows as outliers
08:28:58 [MAIN]: Train size after outlier removal: 684
08:28:58 [DATA_TRANSFORMER]: Handling missing values fit=True | strategies={'num': 'drop', 'cat': 'drop', 'dt': 'drop'}
08:28:58 [MAIN]: Train NaN count after missing handling: 0
08:28:58 [DATA_TRANSFORMER]: [Scale] strategy='standard', fit=True
08:28:58 [MAIN]: Train NaN count after scaling: 0
08:28:58 [DATA_TRANSFORMER]: [Encode] strategy='onehot', fit=False
08:28:58 [DATA_TRANSFORMER]: Handling missing values fit=False | strategies={'num': 'drop', 'cat': 'drop', 'dt': 'drop'}
08:28:58 [MAIN]: Test NaN count after missing handling: 0
08:28:58 [DATA_TRANSFORMER]: [Scale] strategy='standard', fit=False
08:28:58 [MAIN]: Test NaN count after scaling: 0
08:28:58 [MAIN]: Train set size: 684
08:28:58 [MAIN]: Test set size: 192
08:28:58 [MAIN]: Merged set size: 876
08:28:58 [MODEL_TRAINER]: Setting processed training data (separating X and y)...
08:28:58 [MODEL_TRAINER]: Ready for training. X_train: (684, 6), X_test: (192, 6)
08:28:58 [MODEL_TRAINER]: Initialized 5 models: ['ElasticNet', 'RandomForest', 'LightGBM', 'XGBoost', 'DecisionTree']
08:28:58 [MAIN]: Training all available models: ['ElasticNet', 'RandomForest', 'LightGBM', 'XGBoost', 'DecisionTree']
08:28:58 [MAIN]: Optimizing ElasticNet...
08:28:58 [MODEL_TRAINER]: Starting optimization for ElasticNet...
08:28:58 [OPTIMIZATION]: --- Optuna: Optimizing ElasticNet (300 trials) ---
08:29:01 [OPTIMIZATION]: ✓ Best R2: 0.6061
08:29:01 [OPTIMIZATION]: ✓ Best Params: {'alpha': 0.009446807081724977, 'l1_ratio': 0.9999410177911122}
08:29:01 [MODEL_TRAINER]: ✓ ElasticNet parameters optimized successfully
08:29:01 [MODEL_TRAINER]:   Best params: {'alpha': 0.009446807081724977, 'l1_ratio': 0.9999410177911122}
08:29:01 [MAIN]: Optimizing RandomForest...
08:29:01 [MODEL_TRAINER]: Starting optimization for RandomForest...
08:29:01 [OPTIMIZATION]: --- Optuna: Optimizing RandomForest (300 trials) ---
08:34:51 [OPTIMIZATION]: ✓ Best R2: 0.8041
08:34:51 [OPTIMIZATION]: ✓ Best Params: {'n_estimators': 462, 'max_depth': 13, 'min_samples_split': 2, 'min_samples_leaf': 1, 'max_features': 'log2'}
08:34:51 [MODEL_TRAINER]: ✓ RandomForest parameters optimized successfully
08:34:51 [MODEL_TRAINER]:   Best params: {'n_estimators': 462, 'max_depth': 13, 'min_samples_split': 2, 'min_samples_leaf': 1, 'max_features': 'log2'}
08:34:51 [MAIN]: Optimizing LightGBM...
08:34:51 [MODEL_TRAINER]: Starting optimization for LightGBM...
08:34:51 [OPTIMIZATION]: --- Optuna: Optimizing LightGBM (300 trials) ---
08:38:38 [OPTIMIZATION]: ✓ Best R2: 0.8187
08:38:38 [OPTIMIZATION]: ✓ Best Params: {'n_estimators': 887, 'learning_rate': 0.0320247200604594, 'num_leaves': 37, 'max_depth': 6, 'min_child_samples': 14, 'subsample': 0.8200026054200206, 'colsample_bytree': 0.6790374997377082, 'reg_alpha': 6.3084593505633055, 'reg_lambda': 8.614062799251447e-05}
08:38:38 [MODEL_TRAINER]: ✓ LightGBM parameters optimized successfully
08:38:38 [MODEL_TRAINER]:   Best params: {'n_estimators': 887, 'learning_rate': 0.0320247200604594, 'num_leaves': 37, 'max_depth': 6, 'min_child_samples': 14, 'subsample': 0.8200026054200206, 'colsample_bytree': 0.6790374997377082, 'reg_alpha': 6.3084593505633055, 'reg_lambda': 8.614062799251447e-05}
08:38:38 [MAIN]: Optimizing XGBoost...
08:38:38 [MODEL_TRAINER]: Starting optimization for XGBoost...
08:38:38 [OPTIMIZATION]: --- Optuna: Optimizing XGBoost (300 trials) ---
08:41:43 [OPTIMIZATION]: ✓ Best R2: 0.8252
08:41:43 [OPTIMIZATION]: ✓ Best Params: {'n_estimators': 658, 'learning_rate': 0.05279292768387537, 'max_depth': 12, 'min_child_weight': 5, 'subsample': 0.9318468644452829, 'colsample_bytree': 0.6090033606318144, 'reg_alpha': 3.2107053426917935, 'reg_lambda': 7.719171709953701e-07, 'gamma': 0.05467346396742019}
08:41:43 [MODEL_TRAINER]: ✓ XGBoost parameters optimized successfully
08:41:43 [MODEL_TRAINER]:   Best params: {'n_estimators': 658, 'learning_rate': 0.05279292768387537, 'max_depth': 12, 'min_child_weight': 5, 'subsample': 0.9318468644452829, 'colsample_bytree': 0.6090033606318144, 'reg_alpha': 3.2107053426917935, 'reg_lambda': 7.719171709953701e-07, 'gamma': 0.05467346396742019}
08:41:43 [MAIN]: Optimizing DecisionTree...
08:41:43 [MODEL_TRAINER]: Starting optimization for DecisionTree...
08:41:43 [OPTIMIZATION]: --- Optuna: Optimizing DecisionTree (300 trials) ---
08:41:46 [OPTIMIZATION]: ✓ Best R2: 0.7236
08:41:46 [OPTIMIZATION]: ✓ Best Params: {'max_depth': 11, 'min_samples_split': 11, 'min_samples_leaf': 6, 'max_features': 'sqrt'}
08:41:46 [MODEL_TRAINER]: ✓ DecisionTree parameters optimized successfully
08:41:46 [MODEL_TRAINER]:   Best params: {'max_depth': 11, 'min_samples_split': 11, 'min_samples_leaf': 6, 'max_features': 'sqrt'}
08:41:46 [MODEL_TRAINER]: Starting model training...
08:41:46 [MODEL_TRAINER]: Training ElasticNet...
08:41:46 [MODEL_TRAINER]: ✓ ElasticNet trained successfully
08:41:46 [MODEL_TRAINER]: Training RandomForest...
08:41:47 [MODEL_TRAINER]: ✓ RandomForest trained successfully
08:41:47 [MODEL_TRAINER]: Training LightGBM...
08:41:47 [MODEL_TRAINER]: ✓ LightGBM trained successfully
08:41:47 [MODEL_TRAINER]: Training XGBoost...
08:41:47 [MODEL_TRAINER]: ✓ XGBoost trained successfully
08:41:47 [MODEL_TRAINER]: Training DecisionTree...
08:41:47 [MODEL_TRAINER]: ✓ DecisionTree trained successfully
08:41:47 [MODEL_TRAINER]: Training completed. 5/5 models trained successfully
08:41:47 [MODEL_TRAINER]: Evaluating models...
08:41:47 [MODEL_EVALUATOR]: ✓ ElasticNet evaluated: RMSE=3.3287, MAE=2.0525, R2=0.6397
08:41:47 [MODEL_EVALUATOR]: ✓ RandomForest evaluated: RMSE=2.4515, MAE=1.2133, R2=0.8046
08:41:47 [MODEL_EVALUATOR]: ✓ LightGBM evaluated: RMSE=2.5470, MAE=1.3131, R2=0.7891
08:41:47 [MODEL_EVALUATOR]: ✓ XGBoost evaluated: RMSE=2.6281, MAE=1.2971, R2=0.7754
08:41:47 [MODEL_EVALUATOR]: ✓ DecisionTree evaluated: RMSE=2.9840, MAE=1.5489, R2=0.7105
08:41:47 [MODEL_IO]: ✓ Đã lưu kết quả tại: outputs/results/evaluation_results.csv
08:41:47 [MODEL_IO]: ✓ Đã lưu kết quả tại: outputs/results/evaluation_results.json
08:41:47 [MODEL_IO]: ✓ Đã lưu model 'ElasticNet' tại: outputs/models/ElasticNet.joblib
08:41:47 [MODEL_IO]: ✓ Đã lưu model 'RandomForest' tại: outputs/models/RandomForest.joblib
08:41:47 [MODEL_IO]: ✓ Đã lưu model 'LightGBM' tại: outputs/models/LightGBM.joblib
08:41:47 [MODEL_IO]: ✓ Đã lưu model 'XGBoost' tại: outputs/models/XGBoost.joblib
08:41:47 [MODEL_IO]: ✓ Đã lưu model 'DecisionTree' tại: outputs/models/DecisionTree.joblib
08:41:48 [MODEL_VISUALIZE]: ✓ Plot saved: outputs/plots/model_comparison.png
08:50:33 [MODEL_EVALUATOR]: Sử dụng feature_importances_ cho RandomForest
08:50:33 [MODEL_EVALUATOR]: ✓ Đã trích xuất feature importance cho RandomForest
08:50:34 [MODEL_VISUALIZE]: ✓ Feature importance saved: outputs/plots/feature_importance.png
08:50:34 [MAIN]: Process Completed.
