19:44:13 [MAIN]: Log file: outputs/logs/train_2025-12-04_19-44-13.log
19:44:13 [MAIN]: Using configuration file: configs/default_config.ini
19:44:13 [MAIN]: Data file: data/raw/FastFoodNutritionMenuV3.csv
19:44:13 [MAIN]: Target column: saturated_fat_g
19:44:13 [MAIN]: Selected models: all
19:44:13 [MAIN]: Optimization enabled: True
19:44:13 [MAIN]: EDA enabled: False
19:44:13 [MAIN]: Visualization enabled: True
19:44:13 [DATA_IO]: Loading data from data/raw/FastFoodNutritionMenuV3.csv...
19:44:13 [DATA_IO]: Cleaning column names...
19:44:13 [DATA_IO]: Column names cleaned successfully.
19:44:13 [DATA_TRANSFORMER]: Auto-detecting numeric columns (threshold=80%)...
19:44:13 [DATA_TRANSFORMER]: Auto-converted 12 columns to numeric: ['calories', 'calories_from_fat', 'total_fat_g', 'saturated_fat_g', 'trans_fat_g', 'cholesterol_mg', 'sodium_mg', 'carbs_g', 'fiber_g', 'sugars_g', 'protein_g', 'weight_watchers_pnts']
19:44:13 [PREPROCESSOR]: Numeric cols: ['calories', 'calories_from_fat', 'total_fat_g', 'saturated_fat_g', 'trans_fat_g', 'cholesterol_mg', 'sodium_mg', 'carbs_g', 'fiber_g', 'sugars_g', 'protein_g', 'weight_watchers_pnts']
19:44:13 [PREPROCESSOR]: Categorical cols: ['company', 'item']
19:44:13 [PREPROCESSOR]: Datetime cols: []
19:44:13 [DATA_TRANSFORMER]: Converting columns to datetime...
19:44:13 [PREPROCESSOR]: Numeric cols: ['calories', 'calories_from_fat', 'total_fat_g', 'saturated_fat_g', 'trans_fat_g', 'cholesterol_mg', 'sodium_mg', 'carbs_g', 'fiber_g', 'sugars_g', 'protein_g', 'weight_watchers_pnts']
19:44:13 [PREPROCESSOR]: Categorical cols: ['company', 'item']
19:44:13 [PREPROCESSOR]: Datetime cols: []
19:44:13 [MAIN]: Dropping features: ['calories_from_fat', 'weight_watchers_pnts', 'company', 'item', 'total_fat_g', 'calories', 'trans_fat_g']
19:44:13 [DATA_TRANSFORMER]: Dropping features: ['calories_from_fat', 'weight_watchers_pnts', 'company', 'item', 'total_fat_g', 'calories', 'trans_fat_g']
19:44:13 [PREPROCESSOR]: Numeric cols: ['saturated_fat_g', 'cholesterol_mg', 'sodium_mg', 'carbs_g', 'fiber_g', 'sugars_g', 'protein_g']
19:44:13 [PREPROCESSOR]: Categorical cols: []
19:44:13 [PREPROCESSOR]: Datetime cols: []
19:44:13 [MAIN]: Cleaning negative values...
19:44:13 [DATA_TRANSFORMER]: Cleaning negative values in all numeric columns...
19:44:13 [DATA_TRANSFORMER]: Removed 138 duplicate rows
19:44:13 [DATA_TRANSFORMER]: Dropped 52 rows with null target 'saturated_fat_g'
19:44:13 [DATA_IO]: Saving processed data to data/interim/temp_processed_data.csv...
19:44:13 [DATA_IO]: Save successful.
19:44:13 [MAIN]: Initializing ModelTrainer to split data...
19:44:13 [MODEL_TRAINER]: ModelTrainer initialized with random_state=42, n_jobs=3
19:44:13 [MODEL_TRAINER]: Data loaded: 957 rows, 7 columns
19:44:13 [MODEL_TRAINER]: Target column: 'saturated_fat_g'
19:44:13 [MODEL_TRAINER]: Splitting data into Train and Test sets...
19:44:13 [MODEL_TRAINER]: Split complete. Train shape: (765, 7), Test shape: (192, 7)
19:44:13 [MAIN]: Processing Split Data (Preventing Leakage)...
19:44:13 [MAIN]: Train NaN count before processing: 26
19:44:13 [MAIN]: Test NaN count before processing: 9
19:44:13 [MAIN]: Encoding categorical features with strategy: onehot
19:44:13 [DATA_TRANSFORMER]: [Encode] strategy='onehot', fit=True
19:44:13 [DATA_TRANSFORMER]: [Outlier] method='zscore' - Removing outliers
19:44:13 [DATA_TRANSFORMER]: Removed 81 rows as outliers
19:44:13 [MAIN]: Train size after outlier removal: 684
19:44:13 [DATA_TRANSFORMER]: Handling missing values fit=True | strategies={'num': 'drop', 'cat': 'drop', 'dt': 'drop'}
19:44:13 [MAIN]: Train NaN count after missing handling: 0
19:44:13 [DATA_TRANSFORMER]: [Scale] strategy='standard', fit=True
19:44:13 [MAIN]: Train NaN count after scaling: 0
19:44:13 [DATA_TRANSFORMER]: [Encode] strategy='onehot', fit=False
19:44:13 [DATA_TRANSFORMER]: Handling missing values fit=False | strategies={'num': 'drop', 'cat': 'drop', 'dt': 'drop'}
19:44:13 [DATA_TRANSFORMER]: Dropped 9 rows due to missing values
19:44:13 [MAIN]: Test NaN count after missing handling: 0
19:44:13 [DATA_TRANSFORMER]: [Scale] strategy='standard', fit=False
19:44:13 [MAIN]: Test NaN count after scaling: 0
19:44:13 [MAIN]: Train set size: 684
19:44:13 [MAIN]: Test set size: 183
19:44:13 [MAIN]: Merged set size: 867
19:44:13 [MODEL_TRAINER]: Setting processed training data (separating X and y)...
19:44:13 [MODEL_TRAINER]: Ready for training. X_train: (684, 6), X_test: (183, 6)
19:44:13 [MODEL_TRAINER]: Initialized 5 models: ['ElasticNet', 'RandomForest', 'LightGBM', 'XGBoost', 'DecisionTree']
19:44:13 [MAIN]: Training all available models: ['ElasticNet', 'RandomForest', 'LightGBM', 'XGBoost', 'DecisionTree']
19:44:13 [MAIN]: Optimizing ElasticNet...
19:44:13 [MODEL_TRAINER]: Starting optimization for ElasticNet...
19:44:13 [OPTIMIZATION]: --- Optuna: Optimizing ElasticNet (50 trials) ---
19:44:14 [OPTIMIZATION]: ✓ Best MSE: 6.8148
19:44:14 [OPTIMIZATION]: ✓ Best Params: {'alpha': 0.008832552102902288, 'l1_ratio': 0.797939488659563}
19:44:14 [MODEL_TRAINER]: ✓ ElasticNet parameters optimized successfully
19:44:14 [MODEL_TRAINER]:   Best params: {'alpha': 0.008832552102902288, 'l1_ratio': 0.797939488659563}
19:44:14 [MAIN]: Optimizing LightGBM...
19:44:14 [MODEL_TRAINER]: Starting optimization for LightGBM...
19:44:14 [OPTIMIZATION]: --- Optuna: Optimizing LightGBM (50 trials) ---
19:44:26 [OPTIMIZATION]: ✓ Best MSE: 3.2766
19:44:26 [OPTIMIZATION]: ✓ Best Params: {'n_estimators': 784, 'learning_rate': 0.06820027725392522, 'num_leaves': 27, 'max_depth': 17, 'min_child_samples': 56, 'subsample': 0.9519579668782859, 'colsample_bytree': 0.6781377975556945, 'reg_alpha': 5.124887330698963e-07, 'reg_lambda': 0.00021797252120762597}
19:44:26 [MODEL_TRAINER]: ✓ LightGBM parameters optimized successfully
19:44:26 [MODEL_TRAINER]:   Best params: {'n_estimators': 784, 'learning_rate': 0.06820027725392522, 'num_leaves': 27, 'max_depth': 17, 'min_child_samples': 56, 'subsample': 0.9519579668782859, 'colsample_bytree': 0.6781377975556945, 'reg_alpha': 5.124887330698963e-07, 'reg_lambda': 0.00021797252120762597}
19:44:26 [MAIN]: Optimizing XGBoost...
19:44:26 [MODEL_TRAINER]: Starting optimization for XGBoost...
19:44:26 [OPTIMIZATION]: --- Optuna: Optimizing XGBoost (50 trials) ---
19:44:46 [OPTIMIZATION]: ✓ Best MSE: 3.2279
19:44:46 [OPTIMIZATION]: ✓ Best Params: {'n_estimators': 329, 'learning_rate': 0.07059565405932468, 'max_depth': 8, 'min_child_weight': 10, 'subsample': 0.7555334233111451, 'colsample_bytree': 0.7686306128024312, 'reg_alpha': 4.6665538432547606e-08, 'reg_lambda': 8.37668829938783, 'gamma': 0.36453181131090207}
19:44:46 [MODEL_TRAINER]: ✓ XGBoost parameters optimized successfully
19:44:46 [MODEL_TRAINER]:   Best params: {'n_estimators': 329, 'learning_rate': 0.07059565405932468, 'max_depth': 8, 'min_child_weight': 10, 'subsample': 0.7555334233111451, 'colsample_bytree': 0.7686306128024312, 'reg_alpha': 4.6665538432547606e-08, 'reg_lambda': 8.37668829938783, 'gamma': 0.36453181131090207}
19:44:46 [MAIN]: Optimizing DecisionTree...
19:44:46 [MODEL_TRAINER]: Starting optimization for DecisionTree...
19:44:46 [OPTIMIZATION]: --- Optuna: Optimizing DecisionTree (50 trials) ---
19:44:46 [OPTIMIZATION]: ✓ Best MSE: 4.9900
19:44:46 [OPTIMIZATION]: ✓ Best Params: {'max_depth': 15, 'min_samples_split': 5, 'min_samples_leaf': 6, 'max_features': 'sqrt'}
19:44:46 [MODEL_TRAINER]: ✓ DecisionTree parameters optimized successfully
19:44:46 [MODEL_TRAINER]:   Best params: {'max_depth': 15, 'min_samples_split': 5, 'min_samples_leaf': 6, 'max_features': 'sqrt'}
19:44:46 [MODEL_TRAINER]: Starting model training...
19:44:46 [MODEL_TRAINER]: Training ElasticNet...
19:44:46 [MODEL_TRAINER]: ✓ ElasticNet trained successfully
19:44:46 [MODEL_TRAINER]: Training RandomForest...
19:44:46 [MODEL_TRAINER]: ✓ RandomForest trained successfully
19:44:46 [MODEL_TRAINER]: Training LightGBM...
19:44:46 [MODEL_TRAINER]: ✓ LightGBM trained successfully
19:44:46 [MODEL_TRAINER]: Training XGBoost...
19:44:47 [MODEL_TRAINER]: ✓ XGBoost trained successfully
19:44:47 [MODEL_TRAINER]: Training DecisionTree...
19:44:47 [MODEL_TRAINER]: ✓ DecisionTree trained successfully
19:44:47 [MODEL_TRAINER]: Training completed. 5/5 models trained successfully
19:44:47 [MODEL_TRAINER]: Evaluating models...
19:44:47 [MODEL_EVALUATOR]: ✓ ElasticNet evaluated: RMSE=3.3609, MAE=2.0616, R2=0.6480
19:44:47 [MODEL_EVALUATOR]: ✓ RandomForest evaluated: RMSE=2.2155, MAE=1.1201, R2=0.8470
19:44:47 [MODEL_EVALUATOR]: ✓ LightGBM evaluated: RMSE=2.8195, MAE=1.4099, R2=0.7523
19:44:47 [MODEL_EVALUATOR]: ✓ XGBoost evaluated: RMSE=2.5996, MAE=1.2696, R2=0.7894
19:44:47 [MODEL_EVALUATOR]: ✓ DecisionTree evaluated: RMSE=3.0384, MAE=1.5629, R2=0.7123
19:44:47 [MODEL_IO]: ✓ Đã lưu kết quả tại: outputs/results/evaluation_results.csv
19:44:47 [MODEL_IO]: ✓ Đã lưu kết quả tại: outputs/results/evaluation_results.json
19:44:47 [MODEL_IO]: ✓ Đã lưu model 'ElasticNet' tại: outputs/models/ElasticNet.joblib
19:44:47 [MODEL_IO]: ✓ Đã lưu model 'RandomForest' tại: outputs/models/RandomForest.joblib
19:44:47 [MODEL_IO]: ✓ Đã lưu model 'LightGBM' tại: outputs/models/LightGBM.joblib
19:44:47 [MODEL_IO]: ✓ Đã lưu model 'XGBoost' tại: outputs/models/XGBoost.joblib
19:44:47 [MODEL_IO]: ✓ Đã lưu model 'DecisionTree' tại: outputs/models/DecisionTree.joblib
19:44:47 [MODEL_VISUALIZE]: ✓ Plot saved: outputs/plots/model_comparison.png
19:44:56 [MODEL_EVALUATOR]: Sử dụng feature_importances_ cho RandomForest
19:44:56 [MODEL_EVALUATOR]: ✓ Đã trích xuất feature importance cho RandomForest
19:44:56 [MODEL_VISUALIZE]: ✓ Feature importance saved: outputs/plots/feature_importance.png
19:44:57 [MAIN]: Process Completed.
