20:11:02 [MAIN]: Log file: outputs/logs/train_2025-12-04_20-11-02.log
20:11:02 [MAIN]: Using configuration file: configs/default_config.ini
20:11:02 [MAIN]: Data file: data/raw/FastFoodNutritionMenuV3.csv
20:11:02 [MAIN]: Target column: saturated_fat_g
20:11:02 [MAIN]: Selected models: all
20:11:02 [MAIN]: Optimization enabled: True
20:11:02 [MAIN]: EDA enabled: False
20:11:02 [MAIN]: Visualization enabled: True
20:11:02 [DATA_IO]: Loading data from data/raw/FastFoodNutritionMenuV3.csv...
20:11:02 [DATA_IO]: Cleaning column names...
20:11:02 [DATA_IO]: Column names cleaned successfully.
20:11:02 [DATA_TRANSFORMER]: Auto-detecting numeric columns (threshold=80%)...
20:11:02 [DATA_TRANSFORMER]: Auto-converted 12 columns to numeric: ['calories', 'calories_from_fat', 'total_fat_g', 'saturated_fat_g', 'trans_fat_g', 'cholesterol_mg', 'sodium_mg', 'carbs_g', 'fiber_g', 'sugars_g', 'protein_g', 'weight_watchers_pnts']
20:11:02 [PREPROCESSOR]: Numeric cols: ['calories', 'calories_from_fat', 'total_fat_g', 'saturated_fat_g', 'trans_fat_g', 'cholesterol_mg', 'sodium_mg', 'carbs_g', 'fiber_g', 'sugars_g', 'protein_g', 'weight_watchers_pnts']
20:11:02 [PREPROCESSOR]: Categorical cols: ['company', 'item']
20:11:02 [PREPROCESSOR]: Datetime cols: []
20:11:02 [DATA_TRANSFORMER]: Converting columns to datetime...
20:11:02 [PREPROCESSOR]: Numeric cols: ['calories', 'calories_from_fat', 'total_fat_g', 'saturated_fat_g', 'trans_fat_g', 'cholesterol_mg', 'sodium_mg', 'carbs_g', 'fiber_g', 'sugars_g', 'protein_g', 'weight_watchers_pnts']
20:11:02 [PREPROCESSOR]: Categorical cols: ['company', 'item']
20:11:02 [PREPROCESSOR]: Datetime cols: []
20:11:02 [MAIN]: Dropping features: ['calories_from_fat', 'weight_watchers_pnts', 'company', 'item', 'total_fat_g', 'calories', 'trans_fat_g']
20:11:02 [DATA_TRANSFORMER]: Dropping features: ['calories_from_fat', 'weight_watchers_pnts', 'company', 'item', 'total_fat_g', 'calories', 'trans_fat_g']
20:11:02 [PREPROCESSOR]: Numeric cols: ['saturated_fat_g', 'cholesterol_mg', 'sodium_mg', 'carbs_g', 'fiber_g', 'sugars_g', 'protein_g']
20:11:02 [PREPROCESSOR]: Categorical cols: []
20:11:02 [PREPROCESSOR]: Datetime cols: []
20:11:02 [MAIN]: Cleaning negative values...
20:11:02 [DATA_TRANSFORMER]: Cleaning negative values in all numeric columns...
20:11:02 [DATA_TRANSFORMER]: Removed 138 duplicate rows
20:11:02 [DATA_TRANSFORMER]: Dropped 52 rows with null target 'saturated_fat_g'
20:11:02 [DATA_IO]: Saving processed data to data/interim/temp_processed_data.csv...
20:11:02 [DATA_IO]: Save successful.
20:11:02 [MAIN]: Initializing ModelTrainer to split data...
20:11:02 [MODEL_TRAINER]: ModelTrainer initialized with random_state=42, n_jobs=8
20:11:02 [MODEL_TRAINER]: Data loaded: 957 rows, 7 columns
20:11:02 [MODEL_TRAINER]: Target column: 'saturated_fat_g'
20:11:02 [MODEL_TRAINER]: Splitting data into Train and Test sets...
20:11:02 [MODEL_TRAINER]: Split complete. Train shape: (765, 7), Test shape: (192, 7)
20:11:02 [MAIN]: Processing Split Data (Preventing Leakage)...
20:11:02 [MAIN]: Train NaN count before processing: 26
20:11:02 [MAIN]: Test NaN count before processing: 9
20:11:02 [MAIN]: Encoding categorical features with strategy: onehot
20:11:02 [DATA_TRANSFORMER]: [Encode] strategy='onehot', fit=True
20:11:02 [DATA_TRANSFORMER]: [Outlier] method='zscore' - Removing outliers
20:11:02 [DATA_TRANSFORMER]: Removed 81 rows as outliers
20:11:02 [MAIN]: Train size after outlier removal: 684
20:11:02 [DATA_TRANSFORMER]: Handling missing values fit=True | strategies={'num': 'drop', 'cat': 'drop', 'dt': 'drop'}
20:11:02 [MAIN]: Train NaN count after missing handling: 0
20:11:02 [DATA_TRANSFORMER]: [Scale] strategy='standard', fit=True
20:11:02 [MAIN]: Train NaN count after scaling: 0
20:11:02 [DATA_TRANSFORMER]: [Encode] strategy='onehot', fit=False
20:11:02 [DATA_TRANSFORMER]: Handling missing values fit=False | strategies={'num': 'drop', 'cat': 'drop', 'dt': 'drop'}
20:11:02 [DATA_TRANSFORMER]: Dropped 9 rows due to missing values
20:11:02 [MAIN]: Test NaN count after missing handling: 0
20:11:02 [DATA_TRANSFORMER]: [Scale] strategy='standard', fit=False
20:11:02 [MAIN]: Test NaN count after scaling: 0
20:11:02 [MAIN]: Train set size: 684
20:11:02 [MAIN]: Test set size: 183
20:11:02 [MAIN]: Merged set size: 867
20:11:02 [MODEL_TRAINER]: Setting processed training data (separating X and y)...
20:11:02 [MODEL_TRAINER]: Ready for training. X_train: (684, 6), X_test: (183, 6)
20:11:02 [MODEL_TRAINER]: Initialized 5 models: ['ElasticNet', 'RandomForest', 'LightGBM', 'XGBoost', 'DecisionTree']
20:11:02 [MAIN]: Training all available models: ['ElasticNet', 'RandomForest', 'LightGBM', 'XGBoost', 'DecisionTree']
20:11:02 [MAIN]: Optimizing ElasticNet...
20:11:02 [MODEL_TRAINER]: Starting optimization for ElasticNet...
20:11:02 [OPTIMIZATION]: --- Optuna: Optimizing ElasticNet (300 trials) ---
20:11:04 [OPTIMIZATION]: ✓ Best R2: 0.6061
20:11:04 [OPTIMIZATION]: ✓ Best Params: {'alpha': 0.009241008893494428, 'l1_ratio': 0.9998067245597686}
20:11:04 [MODEL_TRAINER]: ✓ ElasticNet parameters optimized successfully
20:11:04 [MODEL_TRAINER]:   Best params: {'alpha': 0.009241008893494428, 'l1_ratio': 0.9998067245597686}
20:11:04 [MAIN]: Optimizing RandomForest...
20:11:04 [MODEL_TRAINER]: Starting optimization for RandomForest...
20:11:04 [OPTIMIZATION]: --- Optuna: Optimizing RandomForest (300 trials) ---
20:13:38 [OPTIMIZATION]: ✓ Best R2: 0.8057
20:13:38 [OPTIMIZATION]: ✓ Best Params: {'n_estimators': 167, 'max_depth': 17, 'min_samples_split': 3, 'min_samples_leaf': 1, 'max_features': 'sqrt'}
20:13:38 [MODEL_TRAINER]: ✓ RandomForest parameters optimized successfully
20:13:38 [MODEL_TRAINER]:   Best params: {'n_estimators': 167, 'max_depth': 17, 'min_samples_split': 3, 'min_samples_leaf': 1, 'max_features': 'sqrt'}
20:13:38 [MAIN]: Optimizing LightGBM...
20:13:38 [MODEL_TRAINER]: Starting optimization for LightGBM...
20:13:38 [OPTIMIZATION]: --- Optuna: Optimizing LightGBM (300 trials) ---
20:18:43 [OPTIMIZATION]: ✓ Best R2: 0.8202
20:18:43 [OPTIMIZATION]: ✓ Best Params: {'n_estimators': 938, 'learning_rate': 0.02526862078979494, 'num_leaves': 35, 'max_depth': 19, 'min_child_samples': 9, 'subsample': 0.954060450635138, 'colsample_bytree': 0.6963258430029418, 'reg_alpha': 3.5648432101291885, 'reg_lambda': 6.350399984463167}
20:18:43 [MODEL_TRAINER]: ✓ LightGBM parameters optimized successfully
20:18:43 [MODEL_TRAINER]:   Best params: {'n_estimators': 938, 'learning_rate': 0.02526862078979494, 'num_leaves': 35, 'max_depth': 19, 'min_child_samples': 9, 'subsample': 0.954060450635138, 'colsample_bytree': 0.6963258430029418, 'reg_alpha': 3.5648432101291885, 'reg_lambda': 6.350399984463167}
20:18:43 [MAIN]: Optimizing XGBoost...
20:18:43 [MODEL_TRAINER]: Starting optimization for XGBoost...
20:18:43 [OPTIMIZATION]: --- Optuna: Optimizing XGBoost (300 trials) ---
20:22:56 [OPTIMIZATION]: ✓ Best R2: 0.8256
20:22:56 [OPTIMIZATION]: ✓ Best Params: {'n_estimators': 930, 'learning_rate': 0.11060154893154198, 'max_depth': 14, 'min_child_weight': 13, 'subsample': 0.9813337851610137, 'colsample_bytree': 0.7691050047477543, 'reg_alpha': 8.929850210370036, 'reg_lambda': 0.9650497699771867, 'gamma': 8.311241074493372e-05}
20:22:56 [MODEL_TRAINER]: ✓ XGBoost parameters optimized successfully
20:22:56 [MODEL_TRAINER]:   Best params: {'n_estimators': 930, 'learning_rate': 0.11060154893154198, 'max_depth': 14, 'min_child_weight': 13, 'subsample': 0.9813337851610137, 'colsample_bytree': 0.7691050047477543, 'reg_alpha': 8.929850210370036, 'reg_lambda': 0.9650497699771867, 'gamma': 8.311241074493372e-05}
20:22:56 [MAIN]: Optimizing DecisionTree...
20:22:56 [MODEL_TRAINER]: Starting optimization for DecisionTree...
20:22:56 [OPTIMIZATION]: --- Optuna: Optimizing DecisionTree (300 trials) ---
20:22:59 [OPTIMIZATION]: ✓ Best R2: 0.7236
20:22:59 [OPTIMIZATION]: ✓ Best Params: {'max_depth': 11, 'min_samples_split': 3, 'min_samples_leaf': 6, 'max_features': 'log2'}
20:22:59 [MODEL_TRAINER]: ✓ DecisionTree parameters optimized successfully
20:22:59 [MODEL_TRAINER]:   Best params: {'max_depth': 11, 'min_samples_split': 3, 'min_samples_leaf': 6, 'max_features': 'log2'}
20:22:59 [MODEL_TRAINER]: Starting model training...
20:22:59 [MODEL_TRAINER]: Training ElasticNet...
20:22:59 [MODEL_TRAINER]: ✓ ElasticNet trained successfully
20:22:59 [MODEL_TRAINER]: Training RandomForest...
20:22:59 [MODEL_TRAINER]: ✓ RandomForest trained successfully
20:22:59 [MODEL_TRAINER]: Training LightGBM...
20:22:59 [MODEL_TRAINER]: ✓ LightGBM trained successfully
20:22:59 [MODEL_TRAINER]: Training XGBoost...
20:23:00 [MODEL_TRAINER]: ✓ XGBoost trained successfully
20:23:00 [MODEL_TRAINER]: Training DecisionTree...
20:23:00 [MODEL_TRAINER]: ✓ DecisionTree trained successfully
20:23:00 [MODEL_TRAINER]: Training completed. 5/5 models trained successfully
20:23:00 [MODEL_TRAINER]: Evaluating models...
20:23:00 [MODEL_EVALUATOR]: ✓ ElasticNet evaluated: RMSE=3.3654, MAE=2.0619, R2=0.6470
20:23:00 [MODEL_EVALUATOR]: ✓ RandomForest evaluated: RMSE=2.4588, MAE=1.2057, R2=0.8116
20:23:00 [MODEL_EVALUATOR]: ✓ LightGBM evaluated: RMSE=2.5414, MAE=1.2657, R2=0.7987
20:23:00 [MODEL_EVALUATOR]: ✓ XGBoost evaluated: RMSE=2.6554, MAE=1.3229, R2=0.7803
20:23:00 [MODEL_EVALUATOR]: ✓ DecisionTree evaluated: RMSE=3.0384, MAE=1.5629, R2=0.7123
20:23:00 [MODEL_IO]: ✓ Đã lưu kết quả tại: outputs/results/evaluation_results.csv
20:23:00 [MODEL_IO]: ✓ Đã lưu kết quả tại: outputs/results/evaluation_results.json
20:23:00 [MODEL_IO]: ✓ Đã lưu model 'ElasticNet' tại: outputs/models/ElasticNet.joblib
20:23:00 [MODEL_IO]: ✓ Đã lưu model 'RandomForest' tại: outputs/models/RandomForest.joblib
20:23:00 [MODEL_IO]: ✓ Đã lưu model 'LightGBM' tại: outputs/models/LightGBM.joblib
20:23:00 [MODEL_IO]: ✓ Đã lưu model 'XGBoost' tại: outputs/models/XGBoost.joblib
20:23:00 [MODEL_IO]: ✓ Đã lưu model 'DecisionTree' tại: outputs/models/DecisionTree.joblib
20:23:00 [MODEL_VISUALIZE]: ✓ Plot saved: outputs/plots/model_comparison.png
20:23:06 [MODEL_EVALUATOR]: Sử dụng feature_importances_ cho RandomForest
20:23:06 [MODEL_EVALUATOR]: ✓ Đã trích xuất feature importance cho RandomForest
20:23:07 [MODEL_VISUALIZE]: ✓ Feature importance saved: outputs/plots/feature_importance.png
20:23:08 [MAIN]: Process Completed.
