18:44:59 [MAIN]: Log file: outputs/logs/train_2025-12-06_18-44-59.log
18:44:59 [MAIN]: Using configuration file: configs/default_config.ini
18:44:59 [MAIN]: Data file: data/raw/FastFoodNutritionMenuV3.csv
18:44:59 [MAIN]: Target column: saturated_fat_g
18:44:59 [MAIN]: Selected models: all
18:44:59 [MAIN]: Optimization enabled: False
18:44:59 [MAIN]: EDA enabled: True
18:44:59 [MAIN]: Visualization enabled: True
18:44:59 [DATA_IO]: Loading data from data/raw/FastFoodNutritionMenuV3.csv...
18:44:59 [DATA_IO]: Cleaning column names...
18:44:59 [DATA_IO]: Column names cleaned successfully.
18:44:59 [DATA_TRANSFORMER]: Auto-detecting numeric columns (threshold=80%)...
18:44:59 [DATA_TRANSFORMER]: Auto-converted 12 columns to numeric: ['calories', 'calories_from_fat', 'total_fat_g', 'saturated_fat_g', 'trans_fat_g', 'cholesterol_mg', 'sodium_mg', 'carbs_g', 'fiber_g', 'sugars_g', 'protein_g', 'weight_watchers_pnts']
18:44:59 [PREPROCESSOR]: Numeric cols: ['calories', 'calories_from_fat', 'total_fat_g', 'saturated_fat_g', 'trans_fat_g', 'cholesterol_mg', 'sodium_mg', 'carbs_g', 'fiber_g', 'sugars_g', 'protein_g', 'weight_watchers_pnts']
18:44:59 [PREPROCESSOR]: Categorical cols: ['company', 'item']
18:44:59 [PREPROCESSOR]: Datetime cols: []
18:44:59 [DATA_TRANSFORMER]: Converting columns to datetime...
18:44:59 [PREPROCESSOR]: Numeric cols: ['calories', 'calories_from_fat', 'total_fat_g', 'saturated_fat_g', 'trans_fat_g', 'cholesterol_mg', 'sodium_mg', 'carbs_g', 'fiber_g', 'sugars_g', 'protein_g', 'weight_watchers_pnts']
18:44:59 [PREPROCESSOR]: Categorical cols: ['company', 'item']
18:44:59 [PREPROCESSOR]: Datetime cols: []
18:44:59 [MAIN]: Dropping features: ['calories_from_fat', 'weight_watchers_pnts', 'company', 'item', 'total_fat_g', 'calories', 'trans_fat_g']
18:44:59 [DATA_TRANSFORMER]: Dropping features: ['calories_from_fat', 'weight_watchers_pnts', 'company', 'item', 'total_fat_g', 'calories', 'trans_fat_g']
18:44:59 [PREPROCESSOR]: Numeric cols: ['saturated_fat_g', 'cholesterol_mg', 'sodium_mg', 'carbs_g', 'fiber_g', 'sugars_g', 'protein_g']
18:44:59 [PREPROCESSOR]: Categorical cols: []
18:44:59 [PREPROCESSOR]: Datetime cols: []
18:44:59 [EDA]: Starting full EDA pipeline...
18:44:59 [EDA]: 
18:44:59 [EDA]: ============================================================
18:44:59 [EDA]: DATASET INFORMATION
18:44:59 [EDA]: ============================================================
18:44:59 [EDA]: <class 'pandas.core.frame.DataFrame'>
18:44:59 [EDA]: RangeIndex: 1147 entries, 0 to 1146
18:44:59 [EDA]: Data columns (total 7 columns):
18:44:59 [EDA]:  #   Column           Non-Null Count  Dtype  
18:44:59 [EDA]: ---  ------           --------------  -----  
18:44:59 [EDA]:  0   saturated_fat_g  1079 non-null   float64
18:44:59 [EDA]:  1   cholesterol_mg   1119 non-null   float64
18:44:59 [EDA]:  2   sodium_mg        1132 non-null   float64
18:44:59 [EDA]:  3   carbs_g          1078 non-null   float64
18:44:59 [EDA]:  4   fiber_g          1064 non-null   float64
18:44:59 [EDA]:  5   sugars_g         1118 non-null   float64
18:44:59 [EDA]:  6   protein_g        1079 non-null   float64
18:44:59 [EDA]: dtypes: float64(7)
18:44:59 [EDA]: memory usage: 62.9 KB
18:44:59 [EDA]: 
18:44:59 [EDA]: ============================================================
18:44:59 [EDA]: SUMMARY STATISTICS FOR NUMERIC COLUMNS
18:44:59 [EDA]: ============================================================
18:44:59 [EDA]:        saturated_fat_g  cholesterol_mg    sodium_mg      carbs_g      fiber_g     sugars_g    protein_g
18:44:59 [EDA]: count      1079.000000     1119.000000  1132.000000  1078.000000  1064.000000  1118.000000  1079.000000
18:44:59 [EDA]: mean          4.068119       40.647900   427.722615    38.946197     1.454887    24.067979     9.434662
18:44:59 [EDA]: std           5.025099       68.058662   496.701818    31.654807     2.389581    32.369327    11.049859
18:44:59 [EDA]: min           0.000000        0.000000     0.000000     0.000000     0.000000     0.000000     0.000000
18:44:59 [EDA]: 25%           0.000000        0.000000    70.000000    17.000000     0.000000     2.000000     0.000000
18:44:59 [EDA]: 50%           3.000000       20.000000   190.000000    34.000000     0.000000     8.000000     7.000000
18:44:59 [EDA]: 75%           6.000000       50.000000   680.000000    52.000000     2.000000    40.000000    14.000000
18:44:59 [EDA]: max          33.000000      575.000000  2890.000000   270.000000    31.000000   264.000000    71.000000
18:44:59 [EDA]: 
18:44:59 [EDA]: ============================================================
18:44:59 [EDA]: MISSING VALUES
18:44:59 [EDA]: ============================================================
18:44:59 [EDA]:                  Missing_Count  Missing_Percentage
18:44:59 [EDA]: fiber_g                     83            7.236269
18:44:59 [EDA]: carbs_g                     69            6.015693
18:44:59 [EDA]: saturated_fat_g             68            5.928509
18:44:59 [EDA]: protein_g                   68            5.928509
18:44:59 [EDA]: sugars_g                    29            2.528335
18:44:59 [EDA]: cholesterol_mg              28            2.441151
18:44:59 [EDA]: sodium_mg                   15            1.307759
18:45:00 [EDA]: ✓ Missing values plot saved to: outputs/plots/eda/before/missing_values.png
18:45:00 [EDA]: 
18:45:00 [EDA]: ============================================================
18:45:00 [EDA]: DUPLICATE ROWS: 138 rows
18:45:00 [EDA]: ============================================================
18:45:00 [EDA]: 
18:45:00 [EDA]: ============================================================
18:45:00 [EDA]: VALUE COUNTS (TOP 5 FOR EACH COLUMN)
18:45:00 [EDA]: ============================================================
18:45:00 [EDA]: --- saturated_fat_g ---
18:45:00 [EDA]: saturated_fat_g
18:45:00 [EDA]: 0.0    383
18:45:00 [EDA]: 3.5     72
18:45:00 [EDA]: 5.0     52
18:45:00 [EDA]: 6.0     52
18:45:00 [EDA]: 7.0     48
18:45:00 [EDA]: --- cholesterol_mg ---
18:45:00 [EDA]: cholesterol_mg
18:45:00 [EDA]: 0.0     378
18:45:00 [EDA]: 5.0      71
18:45:00 [EDA]: 25.0     63
18:45:00 [EDA]: 20.0     59
18:45:00 [EDA]: 30.0     57
18:45:00 [EDA]: --- sodium_mg ---
18:45:00 [EDA]: sodium_mg
18:45:00 [EDA]: 0.0      54
18:45:00 [EDA]: 70.0     25
18:45:00 [EDA]: 55.0     22
18:45:00 [EDA]: 150.0    22
18:45:00 [EDA]: 45.0     22
18:45:00 [EDA]: --- carbs_g ---
18:45:00 [EDA]: carbs_g
18:45:00 [EDA]: 0.0     75
18:45:00 [EDA]: 27.0    31
18:45:00 [EDA]: 49.0    29
18:45:00 [EDA]: 1.0     27
18:45:00 [EDA]: 31.0    25
18:45:00 [EDA]: --- fiber_g ---
18:45:00 [EDA]: fiber_g
18:45:00 [EDA]: 0.0    551
18:45:00 [EDA]: 1.0    152
18:45:00 [EDA]: 2.0    137
18:45:00 [EDA]: 3.0     83
18:45:00 [EDA]: 4.0     57
18:45:00 [EDA]: --- sugars_g ---
18:45:00 [EDA]: sugars_g
18:45:00 [EDA]: 0.0    190
18:45:00 [EDA]: 2.0     96
18:45:00 [EDA]: 1.0     61
18:45:00 [EDA]: 3.0     56
18:45:00 [EDA]: 4.0     42
18:45:00 [EDA]: --- protein_g ---
18:45:00 [EDA]: protein_g
18:45:00 [EDA]: 0.0    314
18:45:00 [EDA]: 2.0     52
18:45:00 [EDA]: 9.0     45
18:45:00 [EDA]: 8.0     43
18:45:00 [EDA]: 7.0     42
18:45:00 [EDA]: 
18:45:00 [EDA]: ============================================================
18:45:00 [EDA]: SKEWNESS FOR NUMERIC COLUMNS
18:45:00 [EDA]: ============================================================
18:45:00 [EDA]:          Column  Skewness
18:45:00 [EDA]:         fiber_g  3.637785
18:45:00 [EDA]:  cholesterol_mg  3.523484
18:45:00 [EDA]:        sugars_g  1.994132
18:45:00 [EDA]: saturated_fat_g  1.977672
18:45:00 [EDA]:       protein_g  1.824163
18:45:00 [EDA]:         carbs_g  1.715696
18:45:00 [EDA]:       sodium_mg  1.589034
18:45:00 [EDA]: Running correlation_analysis(method='all')
18:45:00 [EDA]: ✓ Correlation heatmap (pearson) saved to: outputs/plots/eda/before/correlation_heatmap_pearson.png
18:45:00 [EDA]: ✓ Correlation heatmap (spearman) saved to: outputs/plots/eda/before/correlation_heatmap_spearman.png
18:45:01 [EDA]: ✓ Correlation heatmap (kendall) saved to: outputs/plots/eda/before/correlation_heatmap_kendall.png
18:45:01 [EDA]: Plotting data distributions (Histogram + KDE) for numeric columns...
18:45:02 [EDA]: ✓ Distribution plot saved to: outputs/plots/eda/before/distribution_all.png
18:45:02 [EDA]: Boxplot analysis for numeric columns...
18:45:02 [EDA]: ✓ Boxplot saved to: outputs/plots/eda/before/boxplot_all.png
18:45:02 [EDA]: EDA pipeline completed.
18:45:02 [MAIN]: Cleaning negative values...
18:45:02 [DATA_TRANSFORMER]: Cleaning negative values in all numeric columns...
18:45:02 [DATA_TRANSFORMER]: Removed 138 duplicate rows
18:45:02 [DATA_TRANSFORMER]: Dropped 52 rows with null target 'saturated_fat_g'
18:45:02 [DATA_IO]: Saving processed data to data/interim/temp_processed_data.csv...
18:45:02 [DATA_IO]: Save successful.
18:45:02 [MAIN]: Initializing ModelTrainer to split data...
18:45:02 [MODEL_TRAINER]: ModelTrainer initialized with random_state=123, n_jobs=8
18:45:02 [MODEL_TRAINER]: Data loaded: 957 rows, 7 columns
18:45:02 [MODEL_TRAINER]: Target column: 'saturated_fat_g'
18:45:02 [MODEL_TRAINER]: Splitting data into Train and Test sets...
18:45:02 [MODEL_TRAINER]: Split complete. Train shape: (765, 7), Test shape: (192, 7)
18:45:02 [MAIN]: Processing Split Data (Preventing Leakage)...
18:45:02 [MAIN]: Train NaN count before processing: 31
18:45:02 [MAIN]: Test NaN count before processing: 4
18:45:02 [MAIN]: Encoding categorical features with strategy: onehot
18:45:02 [DATA_TRANSFORMER]: [Encode] strategy='onehot', fit=True
18:45:02 [DATA_TRANSFORMER]: [Outlier] method='zscore' - Removing outliers
18:45:02 [DATA_TRANSFORMER]: Removed 84 rows as outliers
18:45:02 [MAIN]: Train size after outlier removal: 681
18:45:02 [DATA_TRANSFORMER]: Handling missing values fit=True | strategies={'num': 'drop', 'cat': 'drop', 'dt': 'drop'}
18:45:02 [MAIN]: Train NaN count after missing handling: 0
18:45:02 [DATA_TRANSFORMER]: [Scale] strategy='standard', fit=True
18:45:02 [MAIN]: Train NaN count after scaling: 0
18:45:02 [DATA_TRANSFORMER]: [Encode] strategy='onehot', fit=False
18:45:02 [DATA_TRANSFORMER]: Handling missing values fit=False | strategies={'num': 'drop', 'cat': 'drop', 'dt': 'drop'}
18:45:02 [MAIN]: Test NaN count after missing handling: 0
18:45:02 [DATA_TRANSFORMER]: [Scale] strategy='standard', fit=False
18:45:02 [MAIN]: Test NaN count after scaling: 0
18:45:02 [MAIN]: Train set size: 681
18:45:02 [MAIN]: Test set size: 192
18:45:02 [MAIN]: Merged set size: 873
18:45:02 [EDA]: Starting full EDA pipeline...
18:45:02 [EDA]: 
18:45:02 [EDA]: ============================================================
18:45:02 [EDA]: DATASET INFORMATION
18:45:02 [EDA]: ============================================================
18:45:02 [EDA]: <class 'pandas.core.frame.DataFrame'>
18:45:02 [EDA]: RangeIndex: 873 entries, 0 to 872
18:45:02 [EDA]: Data columns (total 7 columns):
18:45:02 [EDA]:  #   Column           Non-Null Count  Dtype  
18:45:02 [EDA]: ---  ------           --------------  -----  
18:45:02 [EDA]:  0   saturated_fat_g  873 non-null    float64
18:45:02 [EDA]:  1   cholesterol_mg   873 non-null    float64
18:45:02 [EDA]:  2   sodium_mg        873 non-null    float64
18:45:02 [EDA]:  3   carbs_g          873 non-null    float64
18:45:02 [EDA]:  4   fiber_g          873 non-null    float64
18:45:02 [EDA]:  5   sugars_g         873 non-null    float64
18:45:02 [EDA]:  6   protein_g        873 non-null    float64
18:45:02 [EDA]: dtypes: float64(7)
18:45:02 [EDA]: memory usage: 47.9 KB
18:45:02 [EDA]: 
18:45:02 [EDA]: ============================================================
18:45:02 [EDA]: SUMMARY STATISTICS FOR NUMERIC COLUMNS
18:45:02 [EDA]: ============================================================
18:45:02 [EDA]:        saturated_fat_g  cholesterol_mg   sodium_mg     carbs_g     fiber_g    sugars_g   protein_g
18:45:02 [EDA]: count       873.000000      873.000000  873.000000  873.000000  873.000000  873.000000  873.000000
18:45:02 [EDA]: mean          3.847079        0.052947    0.025120    0.018959    0.020804    0.006283    0.012581
18:45:02 [EDA]: std           4.492455        1.205266    1.050171    1.026532    1.057304    1.018775    1.042102
18:45:02 [EDA]: min           0.000000       -0.704560   -0.949266   -1.367683   -0.688312   -0.800349   -0.922628
18:45:02 [EDA]: 25%           0.000000       -0.704560   -0.760431   -0.726130   -0.688312   -0.733535   -0.922628
18:45:02 [EDA]: 50%           3.000000       -0.358630   -0.477180   -0.155861   -0.688312   -0.499685   -0.296925
18:45:02 [EDA]: 75%           6.000000        0.217921    0.632220    0.450050    0.459155    0.569344    0.537345
18:45:02 [EDA]: max          32.000000       12.094868    5.872365    6.972503    7.343956    6.816485    6.481518
18:45:02 [EDA]: 
18:45:02 [EDA]: ============================================================
18:45:02 [EDA]: MISSING VALUES: No missing values found
18:45:02 [EDA]: ============================================================
18:45:02 [EDA]: 
18:45:02 [EDA]: ============================================================
18:45:02 [EDA]: DUPLICATE ROWS: 0 rows
18:45:02 [EDA]: ============================================================
18:45:02 [EDA]: 
18:45:02 [EDA]: ============================================================
18:45:02 [EDA]: VALUE COUNTS (TOP 5 FOR EACH COLUMN)
18:45:02 [EDA]: ============================================================
18:45:02 [EDA]: --- saturated_fat_g ---
18:45:02 [EDA]: saturated_fat_g
18:45:02 [EDA]: 0.0    306
18:45:02 [EDA]: 3.5     59
18:45:02 [EDA]: 6.0     45
18:45:02 [EDA]: 7.0     43
18:45:02 [EDA]: 5.0     40
18:45:02 [EDA]: --- cholesterol_mg ---
18:45:02 [EDA]: cholesterol_mg
18:45:02 [EDA]: -0.704560    303
18:45:02 [EDA]: -0.589250     60
18:45:02 [EDA]: -0.012699     53
18:45:02 [EDA]: -0.128010     48
18:45:02 [EDA]: -0.243320     47
18:45:02 [EDA]: --- sodium_mg ---
18:45:02 [EDA]: sodium_mg
18:45:02 [EDA]: -0.949266    26
18:45:02 [EDA]: -0.595202    20
18:45:02 [EDA]: -0.784036    19
18:45:02 [EDA]: -0.642410    18
18:45:02 [EDA]: -0.819442    18
18:45:02 [EDA]: --- carbs_g ---
18:45:02 [EDA]: carbs_g
18:45:02 [EDA]: -1.367683    36
18:45:02 [EDA]: -0.405354    26
18:45:02 [EDA]:  0.378766    25
18:45:02 [EDA]: -1.332041    23
18:45:02 [EDA]:  0.093632    22
18:45:02 [EDA]: --- fiber_g ---
18:45:02 [EDA]: fiber_g
18:45:02 [EDA]: -0.688312    463
18:45:02 [EDA]: -0.114578    132
18:45:02 [EDA]:  0.459155    116
18:45:02 [EDA]:  1.032889     68
18:45:02 [EDA]:  1.606622     45
18:45:02 [EDA]: --- sugars_g ---
18:45:02 [EDA]: sugars_g
18:45:02 [EDA]: -0.800349    121
18:45:02 [EDA]: -0.733535     80
18:45:02 [EDA]: -0.766942     54
18:45:02 [EDA]: -0.700128     43
18:45:02 [EDA]: -0.666721     35
18:45:02 [EDA]: --- protein_g ---
18:45:02 [EDA]: protein_g
18:45:02 [EDA]: -0.922628    251
18:45:02 [EDA]: -0.714060     43
18:45:02 [EDA]: -0.088358     36
18:45:02 [EDA]:  0.015926     35
18:45:02 [EDA]: -0.192642     33
18:45:02 [EDA]: 
18:45:02 [EDA]: ============================================================
18:45:02 [EDA]: SKEWNESS FOR NUMERIC COLUMNS
18:45:02 [EDA]: ============================================================
18:45:02 [EDA]:          Column  Skewness
18:45:02 [EDA]:  cholesterol_mg  3.579554
18:45:02 [EDA]:         fiber_g  2.081612
18:45:02 [EDA]: saturated_fat_g  1.803352
18:45:02 [EDA]:        sugars_g  1.632122
18:45:02 [EDA]:       protein_g  1.543650
18:45:02 [EDA]:       sodium_mg  1.365624
18:45:02 [EDA]:         carbs_g  1.269880
18:45:02 [EDA]: Running correlation_analysis(method='all')
18:45:03 [EDA]: ✓ Correlation heatmap (pearson) saved to: outputs/plots/eda/after/correlation_heatmap_pearson.png
18:45:03 [EDA]: ✓ Correlation heatmap (spearman) saved to: outputs/plots/eda/after/correlation_heatmap_spearman.png
18:45:03 [EDA]: ✓ Correlation heatmap (kendall) saved to: outputs/plots/eda/after/correlation_heatmap_kendall.png
18:45:03 [EDA]: Plotting data distributions (Histogram + KDE) for numeric columns...
18:45:04 [EDA]: ✓ Distribution plot saved to: outputs/plots/eda/after/distribution_all.png
18:45:04 [EDA]: Boxplot analysis for numeric columns...
18:45:05 [EDA]: ✓ Boxplot saved to: outputs/plots/eda/after/boxplot_all.png
18:45:05 [EDA]: EDA pipeline completed.
18:45:05 [MODEL_TRAINER]: Setting processed training data (separating X and y)...
18:45:05 [MODEL_TRAINER]: Ready for training. X_train: (681, 6), X_test: (192, 6)
18:45:05 [MODEL_TRAINER]: Initialized 5 models: ['ElasticNet', 'RandomForest', 'LightGBM', 'XGBoost', 'DecisionTree']
18:45:05 [MAIN]: Training all available models: ['ElasticNet', 'RandomForest', 'LightGBM', 'XGBoost', 'DecisionTree']
18:45:05 [MODEL_TRAINER]: Starting model training...
18:45:05 [MODEL_TRAINER]: Training ElasticNet...
18:45:05 [MODEL_TRAINER]: ✓ ElasticNet trained successfully
18:45:05 [MODEL_TRAINER]: Training RandomForest...
18:45:05 [MODEL_TRAINER]: ✓ RandomForest trained successfully
18:45:05 [MODEL_TRAINER]: Training LightGBM...
18:45:05 [MODEL_TRAINER]: ✓ LightGBM trained successfully
18:45:05 [MODEL_TRAINER]: Training XGBoost...
18:45:05 [MODEL_TRAINER]: ✓ XGBoost trained successfully
18:45:05 [MODEL_TRAINER]: Training DecisionTree...
18:45:05 [MODEL_TRAINER]: ✓ DecisionTree trained successfully
18:45:05 [MODEL_TRAINER]: Training completed. 5/5 models trained successfully
18:45:05 [MODEL_TRAINER]: Evaluating models...
18:45:05 [MODEL_EVALUATOR]: ✓ ElasticNet evaluated: RMSE=3.8965, MAE=2.6029, R2=0.5450
18:45:05 [MODEL_EVALUATOR]: ✓ RandomForest evaluated: RMSE=2.6888, MAE=1.2990, R2=0.7833
18:45:05 [MODEL_EVALUATOR]: ✓ LightGBM evaluated: RMSE=2.7509, MAE=1.3517, R2=0.7732
18:45:05 [MODEL_EVALUATOR]: ✓ XGBoost evaluated: RMSE=2.6870, MAE=1.3333, R2=0.7836
18:45:05 [MODEL_EVALUATOR]: ✓ DecisionTree evaluated: RMSE=3.2428, MAE=1.5091, R2=0.6849
18:45:05 [MODEL_IO]: ✓ Đã lưu kết quả tại: outputs/results/evaluation_results.csv
18:45:05 [MODEL_IO]: ✓ Đã lưu kết quả tại: outputs/results/evaluation_results.json
18:45:05 [MODEL_IO]: ✓ Đã lưu model 'ElasticNet' tại: outputs/models/ElasticNet.joblib
18:45:05 [MODEL_IO]: ✓ Đã lưu model 'RandomForest' tại: outputs/models/RandomForest.joblib
18:45:05 [MODEL_IO]: ✓ Đã lưu model 'LightGBM' tại: outputs/models/LightGBM.joblib
18:45:05 [MODEL_IO]: ✓ Đã lưu model 'XGBoost' tại: outputs/models/XGBoost.joblib
18:45:05 [MODEL_IO]: ✓ Đã lưu model 'DecisionTree' tại: outputs/models/DecisionTree.joblib
18:45:06 [MODEL_VISUALIZE]: ✓ Plot saved: outputs/plots/model_comparison.png
18:45:12 [MODEL_EVALUATOR]: Sử dụng feature_importances_ cho XGBoost
18:45:12 [MODEL_EVALUATOR]: ✓ Đã trích xuất feature importance cho XGBoost
18:45:12 [MODEL_VISUALIZE]: ✓ Feature importance saved: outputs/plots/feature_importance.png
18:45:12 [MAIN]: Process Completed.
