18:41:31 [MAIN]: Log file: outputs/logs/train_2025-12-06_18-41-31.log
18:41:31 [MAIN]: Using configuration file: configs/default_config.ini
18:41:31 [MAIN]: Data file: data/raw/FastFoodNutritionMenuV3.csv
18:41:31 [MAIN]: Target column: saturated_fat_g
18:41:31 [MAIN]: Selected models: all
18:41:31 [MAIN]: Optimization enabled: False
18:41:31 [MAIN]: EDA enabled: True
18:41:31 [MAIN]: Visualization enabled: True
18:41:31 [DATA_IO]: Loading data from data/raw/FastFoodNutritionMenuV3.csv...
18:41:31 [DATA_IO]: Cleaning column names...
18:41:31 [DATA_IO]: Column names cleaned successfully.
18:41:31 [DATA_TRANSFORMER]: Auto-detecting numeric columns (threshold=80%)...
18:41:31 [DATA_TRANSFORMER]: Auto-converted 12 columns to numeric: ['calories', 'calories_from_fat', 'total_fat_g', 'saturated_fat_g', 'trans_fat_g', 'cholesterol_mg', 'sodium_mg', 'carbs_g', 'fiber_g', 'sugars_g', 'protein_g', 'weight_watchers_pnts']
18:41:31 [PREPROCESSOR]: Numeric cols: ['calories', 'calories_from_fat', 'total_fat_g', 'saturated_fat_g', 'trans_fat_g', 'cholesterol_mg', 'sodium_mg', 'carbs_g', 'fiber_g', 'sugars_g', 'protein_g', 'weight_watchers_pnts']
18:41:31 [PREPROCESSOR]: Categorical cols: ['company', 'item']
18:41:31 [PREPROCESSOR]: Datetime cols: []
18:41:31 [DATA_TRANSFORMER]: Converting columns to datetime...
18:41:31 [PREPROCESSOR]: Numeric cols: ['calories', 'calories_from_fat', 'total_fat_g', 'saturated_fat_g', 'trans_fat_g', 'cholesterol_mg', 'sodium_mg', 'carbs_g', 'fiber_g', 'sugars_g', 'protein_g', 'weight_watchers_pnts']
18:41:31 [PREPROCESSOR]: Categorical cols: ['company', 'item']
18:41:31 [PREPROCESSOR]: Datetime cols: []
18:41:31 [MAIN]: Dropping features: ['calories_from_fat', 'weight_watchers_pnts', 'company', 'item', 'total_fat_g', 'calories', 'trans_fat_g']
18:41:31 [DATA_TRANSFORMER]: Dropping features: ['calories_from_fat', 'weight_watchers_pnts', 'company', 'item', 'total_fat_g', 'calories', 'trans_fat_g']
18:41:31 [PREPROCESSOR]: Numeric cols: ['saturated_fat_g', 'cholesterol_mg', 'sodium_mg', 'carbs_g', 'fiber_g', 'sugars_g', 'protein_g']
18:41:31 [PREPROCESSOR]: Categorical cols: []
18:41:31 [PREPROCESSOR]: Datetime cols: []
18:41:31 [EDA]: Starting full EDA pipeline...
18:41:31 [EDA]: 
18:41:31 [EDA]: ============================================================
18:41:31 [EDA]: DATASET INFORMATION
18:41:31 [EDA]: ============================================================
18:41:31 [EDA]: <class 'pandas.core.frame.DataFrame'>
18:41:31 [EDA]: RangeIndex: 1147 entries, 0 to 1146
18:41:31 [EDA]: Data columns (total 7 columns):
18:41:31 [EDA]:  #   Column           Non-Null Count  Dtype  
18:41:31 [EDA]: ---  ------           --------------  -----  
18:41:31 [EDA]:  0   saturated_fat_g  1079 non-null   float64
18:41:31 [EDA]:  1   cholesterol_mg   1119 non-null   float64
18:41:31 [EDA]:  2   sodium_mg        1132 non-null   float64
18:41:31 [EDA]:  3   carbs_g          1078 non-null   float64
18:41:31 [EDA]:  4   fiber_g          1064 non-null   float64
18:41:31 [EDA]:  5   sugars_g         1118 non-null   float64
18:41:31 [EDA]:  6   protein_g        1079 non-null   float64
18:41:31 [EDA]: dtypes: float64(7)
18:41:31 [EDA]: memory usage: 62.9 KB
18:41:31 [EDA]: 
18:41:31 [EDA]: ============================================================
18:41:31 [EDA]: SUMMARY STATISTICS FOR NUMERIC COLUMNS
18:41:31 [EDA]: ============================================================
18:41:31 [EDA]:        saturated_fat_g  cholesterol_mg    sodium_mg      carbs_g      fiber_g     sugars_g    protein_g
18:41:31 [EDA]: count      1079.000000     1119.000000  1132.000000  1078.000000  1064.000000  1118.000000  1079.000000
18:41:31 [EDA]: mean          4.068119       40.647900   427.722615    38.946197     1.454887    24.067979     9.434662
18:41:31 [EDA]: std           5.025099       68.058662   496.701818    31.654807     2.389581    32.369327    11.049859
18:41:31 [EDA]: min           0.000000        0.000000     0.000000     0.000000     0.000000     0.000000     0.000000
18:41:31 [EDA]: 25%           0.000000        0.000000    70.000000    17.000000     0.000000     2.000000     0.000000
18:41:31 [EDA]: 50%           3.000000       20.000000   190.000000    34.000000     0.000000     8.000000     7.000000
18:41:31 [EDA]: 75%           6.000000       50.000000   680.000000    52.000000     2.000000    40.000000    14.000000
18:41:31 [EDA]: max          33.000000      575.000000  2890.000000   270.000000    31.000000   264.000000    71.000000
18:41:31 [EDA]: 
18:41:31 [EDA]: ============================================================
18:41:31 [EDA]: MISSING VALUES
18:41:31 [EDA]: ============================================================
18:41:31 [EDA]:                  Missing_Count  Missing_Percentage
18:41:31 [EDA]: fiber_g                     83            7.236269
18:41:31 [EDA]: carbs_g                     69            6.015693
18:41:31 [EDA]: saturated_fat_g             68            5.928509
18:41:31 [EDA]: protein_g                   68            5.928509
18:41:31 [EDA]: sugars_g                    29            2.528335
18:41:31 [EDA]: cholesterol_mg              28            2.441151
18:41:31 [EDA]: sodium_mg                   15            1.307759
18:41:32 [EDA]: ✓ Missing values plot saved to: outputs/plots/eda/before/missing_values.png
18:41:32 [EDA]: 
18:41:32 [EDA]: ============================================================
18:41:32 [EDA]: DUPLICATE ROWS: 138 rows
18:41:32 [EDA]: ============================================================
18:41:32 [EDA]: 
18:41:32 [EDA]: ============================================================
18:41:32 [EDA]: VALUE COUNTS (TOP 5 FOR EACH COLUMN)
18:41:32 [EDA]: ============================================================
18:41:32 [EDA]: --- saturated_fat_g ---
18:41:32 [EDA]: saturated_fat_g
18:41:32 [EDA]: 0.0    383
18:41:32 [EDA]: 3.5     72
18:41:32 [EDA]: 5.0     52
18:41:32 [EDA]: 6.0     52
18:41:32 [EDA]: 7.0     48
18:41:32 [EDA]: --- cholesterol_mg ---
18:41:32 [EDA]: cholesterol_mg
18:41:32 [EDA]: 0.0     378
18:41:32 [EDA]: 5.0      71
18:41:32 [EDA]: 25.0     63
18:41:32 [EDA]: 20.0     59
18:41:32 [EDA]: 30.0     57
18:41:32 [EDA]: --- sodium_mg ---
18:41:32 [EDA]: sodium_mg
18:41:32 [EDA]: 0.0      54
18:41:32 [EDA]: 70.0     25
18:41:32 [EDA]: 55.0     22
18:41:32 [EDA]: 150.0    22
18:41:32 [EDA]: 45.0     22
18:41:32 [EDA]: --- carbs_g ---
18:41:32 [EDA]: carbs_g
18:41:32 [EDA]: 0.0     75
18:41:32 [EDA]: 27.0    31
18:41:32 [EDA]: 49.0    29
18:41:32 [EDA]: 1.0     27
18:41:32 [EDA]: 31.0    25
18:41:32 [EDA]: --- fiber_g ---
18:41:32 [EDA]: fiber_g
18:41:32 [EDA]: 0.0    551
18:41:32 [EDA]: 1.0    152
18:41:32 [EDA]: 2.0    137
18:41:32 [EDA]: 3.0     83
18:41:32 [EDA]: 4.0     57
18:41:32 [EDA]: --- sugars_g ---
18:41:32 [EDA]: sugars_g
18:41:32 [EDA]: 0.0    190
18:41:32 [EDA]: 2.0     96
18:41:32 [EDA]: 1.0     61
18:41:32 [EDA]: 3.0     56
18:41:32 [EDA]: 4.0     42
18:41:32 [EDA]: --- protein_g ---
18:41:32 [EDA]: protein_g
18:41:32 [EDA]: 0.0    314
18:41:32 [EDA]: 2.0     52
18:41:32 [EDA]: 9.0     45
18:41:32 [EDA]: 8.0     43
18:41:32 [EDA]: 7.0     42
18:41:32 [EDA]: 
18:41:32 [EDA]: ============================================================
18:41:32 [EDA]: SKEWNESS FOR NUMERIC COLUMNS
18:41:32 [EDA]: ============================================================
18:41:32 [EDA]:          Column  Skewness
18:41:32 [EDA]:         fiber_g  3.637785
18:41:32 [EDA]:  cholesterol_mg  3.523484
18:41:32 [EDA]:        sugars_g  1.994132
18:41:32 [EDA]: saturated_fat_g  1.977672
18:41:32 [EDA]:       protein_g  1.824163
18:41:32 [EDA]:         carbs_g  1.715696
18:41:32 [EDA]:       sodium_mg  1.589034
18:41:32 [EDA]: Running correlation_analysis(method='all')
18:41:32 [EDA]: ✓ Correlation heatmap (pearson) saved to: outputs/plots/eda/before/correlation_heatmap_pearson.png
18:41:32 [EDA]: ✓ Correlation heatmap (spearman) saved to: outputs/plots/eda/before/correlation_heatmap_spearman.png
18:41:33 [EDA]: ✓ Correlation heatmap (kendall) saved to: outputs/plots/eda/before/correlation_heatmap_kendall.png
18:41:33 [EDA]: Plotting data distributions (Histogram + KDE) for numeric columns...
18:41:34 [EDA]: ✓ Distribution plot saved to: outputs/plots/eda/before/distribution_all.png
18:41:34 [EDA]: Boxplot analysis for numeric columns...
18:41:35 [EDA]: ✓ Boxplot saved to: outputs/plots/eda/before/boxplot_all.png
18:41:35 [EDA]: EDA pipeline completed.
18:41:35 [MAIN]: Cleaning negative values...
18:41:35 [DATA_TRANSFORMER]: Cleaning negative values in all numeric columns...
18:41:35 [DATA_TRANSFORMER]: Removed 138 duplicate rows
18:41:35 [DATA_TRANSFORMER]: Dropped 52 rows with null target 'saturated_fat_g'
18:41:35 [DATA_IO]: Saving processed data to data/interim/temp_processed_data.csv...
18:41:35 [DATA_IO]: Save successful.
18:41:35 [MAIN]: Initializing ModelTrainer to split data...
18:41:35 [MODEL_TRAINER]: ModelTrainer initialized with random_state=42, n_jobs=8
18:41:35 [MODEL_TRAINER]: Data loaded: 957 rows, 7 columns
18:41:35 [MODEL_TRAINER]: Target column: 'saturated_fat_g'
18:41:35 [MODEL_TRAINER]: Splitting data into Train and Test sets...
18:41:35 [MODEL_TRAINER]: Split complete. Train shape: (765, 7), Test shape: (192, 7)
18:41:35 [MAIN]: Processing Split Data (Preventing Leakage)...
18:41:35 [MAIN]: Train NaN count before processing: 26
18:41:35 [MAIN]: Test NaN count before processing: 9
18:41:35 [MAIN]: Encoding categorical features with strategy: onehot
18:41:35 [DATA_TRANSFORMER]: [Encode] strategy='onehot', fit=True
18:41:35 [DATA_TRANSFORMER]: [Outlier] method='zscore' - Removing outliers
18:41:35 [DATA_TRANSFORMER]: Removed 81 rows as outliers
18:41:35 [MAIN]: Train size after outlier removal: 684
18:41:35 [DATA_TRANSFORMER]: Handling missing values fit=True | strategies={'num': 'drop', 'cat': 'drop', 'dt': 'drop'}
18:41:35 [MAIN]: Train NaN count after missing handling: 0
18:41:35 [DATA_TRANSFORMER]: [Scale] strategy='standard', fit=True
18:41:35 [MAIN]: Train NaN count after scaling: 0
18:41:35 [DATA_TRANSFORMER]: [Encode] strategy='onehot', fit=False
18:41:35 [DATA_TRANSFORMER]: Handling missing values fit=False | strategies={'num': 'drop', 'cat': 'drop', 'dt': 'drop'}
18:41:35 [MAIN]: Test NaN count after missing handling: 0
18:41:35 [DATA_TRANSFORMER]: [Scale] strategy='standard', fit=False
18:41:35 [MAIN]: Test NaN count after scaling: 0
18:41:35 [MAIN]: Train set size: 684
18:41:35 [MAIN]: Test set size: 192
18:41:35 [MAIN]: Merged set size: 876
18:41:35 [EDA]: Starting full EDA pipeline...
18:41:35 [EDA]: 
18:41:35 [EDA]: ============================================================
18:41:35 [EDA]: DATASET INFORMATION
18:41:35 [EDA]: ============================================================
18:41:35 [EDA]: <class 'pandas.core.frame.DataFrame'>
18:41:35 [EDA]: RangeIndex: 876 entries, 0 to 875
18:41:35 [EDA]: Data columns (total 7 columns):
18:41:35 [EDA]:  #   Column           Non-Null Count  Dtype  
18:41:35 [EDA]: ---  ------           --------------  -----  
18:41:35 [EDA]:  0   saturated_fat_g  876 non-null    float64
18:41:35 [EDA]:  1   cholesterol_mg   876 non-null    float64
18:41:35 [EDA]:  2   sodium_mg        876 non-null    float64
18:41:35 [EDA]:  3   carbs_g          876 non-null    float64
18:41:35 [EDA]:  4   fiber_g          876 non-null    float64
18:41:35 [EDA]:  5   sugars_g         876 non-null    float64
18:41:35 [EDA]:  6   protein_g        876 non-null    float64
18:41:35 [EDA]: dtypes: float64(7)
18:41:35 [EDA]: memory usage: 48.0 KB
18:41:35 [EDA]: 
18:41:35 [EDA]: ============================================================
18:41:35 [EDA]: SUMMARY STATISTICS FOR NUMERIC COLUMNS
18:41:35 [EDA]: ============================================================
18:41:35 [EDA]:        saturated_fat_g  cholesterol_mg   sodium_mg     carbs_g     fiber_g    sugars_g   protein_g
18:41:35 [EDA]: count       876.000000      876.000000  876.000000  876.000000  876.000000  876.000000  876.000000
18:41:35 [EDA]: mean          3.873288        0.018821    0.010424   -0.012689    0.004769   -0.011865   -0.000767
18:41:35 [EDA]: std           4.518209        1.171035    1.046146    1.037120    1.021049    1.013135    1.025619
18:41:35 [EDA]: min           0.000000       -0.706785   -0.953847   -1.433341   -0.686597   -0.826527   -0.926864
18:41:35 [EDA]: 25%           0.000000       -0.706785   -0.767358   -0.769809   -0.686597   -0.758091   -0.926864
18:41:35 [EDA]: 50%           3.000000       -0.376416   -0.475969   -0.180003   -0.686597   -0.518568   -0.255718
18:41:35 [EDA]: 75%           6.000000        0.174201    0.584687    0.455882    0.423645    0.542180    0.518682
18:41:35 [EDA]: max          31.000000       11.957394    5.666511    5.681195    7.085096    4.135035    5.371586
18:41:35 [EDA]: 
18:41:35 [EDA]: ============================================================
18:41:35 [EDA]: MISSING VALUES: No missing values found
18:41:35 [EDA]: ============================================================
18:41:35 [EDA]: 
18:41:35 [EDA]: ============================================================
18:41:35 [EDA]: DUPLICATE ROWS: 0 rows
18:41:35 [EDA]: ============================================================
18:41:35 [EDA]: 
18:41:35 [EDA]: ============================================================
18:41:35 [EDA]: VALUE COUNTS (TOP 5 FOR EACH COLUMN)
18:41:35 [EDA]: ============================================================
18:41:35 [EDA]: --- saturated_fat_g ---
18:41:35 [EDA]: saturated_fat_g
18:41:35 [EDA]: 0.0    305
18:41:35 [EDA]: 3.5     59
18:41:35 [EDA]: 6.0     45
18:41:35 [EDA]: 7.0     43
18:41:35 [EDA]: 2.5     41
18:41:35 [EDA]: --- cholesterol_mg ---
18:41:35 [EDA]: cholesterol_mg
18:41:35 [EDA]: -0.706785    301
18:41:35 [EDA]: -0.596662     59
18:41:35 [EDA]: -0.046046     53
18:41:35 [EDA]: -0.266292     51
18:41:35 [EDA]: -0.156169     49
18:41:35 [EDA]: --- sodium_mg ---
18:41:35 [EDA]: sodium_mg
18:41:35 [EDA]: -0.953847    26
18:41:35 [EDA]: -0.604181    20
18:41:35 [EDA]: -0.790670    19
18:41:35 [EDA]: -0.825636    18
18:41:35 [EDA]: -0.650803    18
18:41:35 [EDA]: --- carbs_g ---
18:41:35 [EDA]: carbs_g
18:41:35 [EDA]: -1.433341    36
18:41:35 [EDA]: -0.438043    27
18:41:35 [EDA]:  0.372940    26
18:41:35 [EDA]: -1.396478    23
18:41:35 [EDA]:  0.078037    22
18:41:35 [EDA]: --- fiber_g ---
18:41:35 [EDA]: fiber_g
18:41:35 [EDA]: -0.686597    460
18:41:35 [EDA]: -0.131476    137
18:41:35 [EDA]:  0.423645    116
18:41:35 [EDA]:  0.978766     66
18:41:35 [EDA]:  1.533887     46
18:41:35 [EDA]: --- sugars_g ---
18:41:35 [EDA]: sugars_g
18:41:35 [EDA]: -0.826527    121
18:41:35 [EDA]: -0.758091     79
18:41:35 [EDA]: -0.792309     54
18:41:35 [EDA]: -0.723874     44
18:41:35 [EDA]: -0.689656     33
18:41:35 [EDA]: --- protein_g ---
18:41:35 [EDA]: protein_g
18:41:35 [EDA]: -0.926864    250
18:41:35 [EDA]: -0.720358     43
18:41:35 [EDA]: -0.100838     37
18:41:35 [EDA]:  0.002415     36
18:41:35 [EDA]: -0.307345     34
18:41:35 [EDA]: 
18:41:35 [EDA]: ============================================================
18:41:35 [EDA]: SKEWNESS FOR NUMERIC COLUMNS
18:41:35 [EDA]: ============================================================
18:41:35 [EDA]:          Column  Skewness
18:41:35 [EDA]:  cholesterol_mg  4.001678
18:41:35 [EDA]:         fiber_g  2.020548
18:41:35 [EDA]: saturated_fat_g  1.768697
18:41:35 [EDA]:       protein_g  1.463170
18:41:35 [EDA]:        sugars_g  1.444312
18:41:35 [EDA]:       sodium_mg  1.418383
18:41:35 [EDA]:         carbs_g  1.093314
18:41:35 [EDA]: Running correlation_analysis(method='all')
18:41:35 [EDA]: ✓ Correlation heatmap (pearson) saved to: outputs/plots/eda/after/correlation_heatmap_pearson.png
18:41:35 [EDA]: ✓ Correlation heatmap (spearman) saved to: outputs/plots/eda/after/correlation_heatmap_spearman.png
18:41:35 [EDA]: ✓ Correlation heatmap (kendall) saved to: outputs/plots/eda/after/correlation_heatmap_kendall.png
18:41:35 [EDA]: Plotting data distributions (Histogram + KDE) for numeric columns...
18:41:36 [EDA]: ✓ Distribution plot saved to: outputs/plots/eda/after/distribution_all.png
18:41:36 [EDA]: Boxplot analysis for numeric columns...
18:41:37 [EDA]: ✓ Boxplot saved to: outputs/plots/eda/after/boxplot_all.png
18:41:37 [EDA]: EDA pipeline completed.
18:41:37 [MODEL_TRAINER]: Setting processed training data (separating X and y)...
18:41:37 [MODEL_TRAINER]: Ready for training. X_train: (684, 6), X_test: (192, 6)
18:41:37 [MODEL_TRAINER]: Initialized 5 models: ['ElasticNet', 'RandomForest', 'LightGBM', 'XGBoost', 'DecisionTree']
18:41:37 [MAIN]: Training all available models: ['ElasticNet', 'RandomForest', 'LightGBM', 'XGBoost', 'DecisionTree']
18:41:37 [MODEL_TRAINER]: Starting model training...
18:41:37 [MODEL_TRAINER]: Training ElasticNet...
18:41:37 [MODEL_TRAINER]: ✓ ElasticNet trained successfully
18:41:37 [MODEL_TRAINER]: Training RandomForest...
18:41:37 [MODEL_TRAINER]: ✓ RandomForest trained successfully
18:41:37 [MODEL_TRAINER]: Training LightGBM...
18:41:37 [MODEL_TRAINER]: ✓ LightGBM trained successfully
18:41:37 [MODEL_TRAINER]: Training XGBoost...
18:41:37 [MODEL_TRAINER]: ✓ XGBoost trained successfully
18:41:37 [MODEL_TRAINER]: Training DecisionTree...
18:41:37 [MODEL_TRAINER]: ✓ DecisionTree trained successfully
18:41:37 [MODEL_TRAINER]: Training completed. 5/5 models trained successfully
18:41:37 [MODEL_TRAINER]: Evaluating models...
18:41:37 [MODEL_EVALUATOR]: ✓ ElasticNet evaluated: RMSE=3.5652, MAE=2.3331, R2=0.5867
18:41:37 [MODEL_EVALUATOR]: ✓ RandomForest evaluated: RMSE=2.1971, MAE=1.1261, R2=0.8430
18:41:37 [MODEL_EVALUATOR]: ✓ LightGBM evaluated: RMSE=2.6358, MAE=1.3377, R2=0.7741
18:41:37 [MODEL_EVALUATOR]: ✓ XGBoost evaluated: RMSE=2.0270, MAE=1.0820, R2=0.8664
18:41:37 [MODEL_EVALUATOR]: ✓ DecisionTree evaluated: RMSE=2.8134, MAE=1.3880, R2=0.7426
18:41:37 [MODEL_IO]: ✓ Đã lưu kết quả tại: outputs/results/evaluation_results.csv
18:41:37 [MODEL_IO]: ✓ Đã lưu kết quả tại: outputs/results/evaluation_results.json
18:41:37 [MODEL_IO]: ✓ Đã lưu model 'ElasticNet' tại: outputs/models/ElasticNet.joblib
18:41:37 [MODEL_IO]: ✓ Đã lưu model 'RandomForest' tại: outputs/models/RandomForest.joblib
18:41:37 [MODEL_IO]: ✓ Đã lưu model 'LightGBM' tại: outputs/models/LightGBM.joblib
18:41:37 [MODEL_IO]: ✓ Đã lưu model 'XGBoost' tại: outputs/models/XGBoost.joblib
18:41:37 [MODEL_IO]: ✓ Đã lưu model 'DecisionTree' tại: outputs/models/DecisionTree.joblib
18:41:38 [MODEL_VISUALIZE]: ✓ Plot saved: outputs/plots/model_comparison.png
18:41:40 [MODEL_EVALUATOR]: Sử dụng feature_importances_ cho XGBoost
18:41:40 [MODEL_EVALUATOR]: ✓ Đã trích xuất feature importance cho XGBoost
18:41:40 [MODEL_VISUALIZE]: ✓ Feature importance saved: outputs/plots/feature_importance.png
18:41:41 [MAIN]: Process Completed.
